# bulk erase, then refill, then erase, then refill
0, "--key=binary --keysize=64 --pagesize=1024 --recsize=0 --bulk-erase --cache=104857600"
0, "--key=binary --keysize=64 --pagesize=1024 --recsize=0 --open --cache=104857600"
0, "--key=binary --keysize=64 --pagesize=1024 --recsize=0 --open --erase-pct=100 --cache=104857600"
0, "--key=binary --keysize=64 --pagesize=1024 --recsize=0 --open --bulk-erase --cache=104857600"

# same again, with transactions
0, "--key=binary --use-transactions=10 --keysize=64 --recsize=0 --bulk-erase --cache=104857600"
0, "--key=binary --use-transactions=10 --keysize=64 --recsize=0 --open --cache=104857600"
0, "--key=binary --use-transactions=10 --keysize=64 --recsize=0 --open --erase-pct=100 --cache=104857600"
0, "--key=binary --use-transactions=10 --keysize=64 --recsize=0 --open --bulk-erase --cache=104857600"

# same again, with transactions (w/o buffering)
0, "--key=binary --use-transactions=10 --keysize=64 --recsize=0 --bulk-erase --cache=104857600 --flush-txn-immediately"
0, "--key=binary --use-transactions=10 --keysize=64 --recsize=0 --open --cache=104857600 --flush-txn-immediately"
0, "--key=binary --use-transactions=10 --keysize=64 --recsize=0 --open --erase-pct=100 --cache=104857600 --flush-txn-immediately"
0, "--key=binary --use-transactions=10 --keysize=64 --recsize=0 --open --bulk-erase --cache=104857600 --flush-txn-immediately"

# same again, with transactions (w/o journalling)
0, "--key=binary --use-transactions=10 --keysize=64 --recsize=0 --bulk-erase --cache=104857600 --disable-recovery"
0, "--key=binary --use-transactions=10 --keysize=64 --recsize=0 --open --cache=104857600 --disable-recovery"
0, "--key=binary --use-transactions=10 --keysize=64 --recsize=0 --open --erase-pct=100 --cache=104857600 --disable-recovery"
0, "--key=binary --use-transactions=10 --keysize=64 --recsize=0 --open --bulk-erase --cache=104857600 --disable-recovery"

# bulk erase
0, "--key=binary --keysize=64 --recsize=0 --bulk-erase --distribution=random --cache=104857600"
0, "--key=binary --keysize=64 --recsize=0 --bulk-erase --distribution=ascending --cache=104857600"
0, "--key=binary --keysize=64 --recsize=0 --bulk-erase --distribution=descending --cache=104857600"
0, "--key=uint64 --recsize=0 --bulk-erase --distribution=random --cache=104857600"
0, "--key=uint64 --recsize=0 --bulk-erase --distribution=ascending --cache=104857600"
0, "--key=uint64 --recsize=0 --bulk-erase --distribution=descending --cache=104857600"
0, "--key=uint64 --recsize=0 --bulk-erase --distribution=descending --cache=104857600 --use-transactions=20"

# bulk erase with many extkeys
0, "--key=binary --keysize=64 --recsize=0 --bulk-erase --distribution=descending --extkey-threshold=20 --recsize=0"
0, "--key=binary --keysize=64 --recsize=0 --bulk-erase --distribution=random --extkey-threshold=20 --recsize=0"
0, "--key=binary --keysize=64 --recsize=0 --bulk-erase --distribution=ascending --extkey-threshold=20 --recsize=0"
0, "--key=binary --keysize=64 --recsize=0 --bulk-erase --distribution=ascending --extkey-threshold=20 --recsize=0 --use-transactions=10"

# duplicates, low threshold
0, "--duptable-threshold=2 --key=uint16 --duplicate=last --recsize-fixed=1 --cache=104857600"
0, "--duptable-threshold=2 --key=uint16 --duplicate=last --recsize-fixed=0 --cache=104857600"
0, "--duptable-threshold=32 --key=uint16 --duplicate=last --cache=104857600"
0, "--duptable-threshold=32 --key=uint16 --open --erase-pct=50 --duplicate=last --cache=104857600"
0, "--duptable-threshold=32 --key=binary --keysize=5 --duplicate=first --use-cursors --cache=104857600"
0, "--duptable-threshold=32 --key=binary --keysize=5 --open --erase-pct=50 --duplicate=first --use-cursors --cache=104857600"
0, "--duptable-threshold=32 --key=binary --keysize=5 --open --erase-pct=50 --duplicate=first --use-cursors --cache=104857600"

# binary keys, fixed length and duplicates
0, "--key=binary --keysize-fixed --keysize=10 --erase-pct=30 --find-pct=30 --duplicate=last --cache=104857600"
0, "--key=binary --keysize-fixed --keysize=20 --erase-pct=30 --find-pct=30 --duplicate=last --cache=104857600"
0, "--key=binary --keysize-fixed --keysize=60 --erase-pct=30 --find-pct=30 --duplicate=last --fullcheck=find --cache=104857600"

# default node layout, large pages
0, "--key=binary --keysize-fixed --keysize=10 --erase-pct=30 --find-pct=30 --duplicate=last --pagesize=131072 --cache=104857600"
0, "--key=binary --keysize=32 --erase-pct=30 --find-pct=30 --pagesize=131072 --cache=104857600"

# extended keys, low threshold
0, "--extkey-threshold=32 --key=binary --keysize=64"
0, "--extkey-threshold=32 --key=binary --keysize=64 --fullcheck=find"
0, "--extkey-threshold=32 --key=binary --keysize=64 --open --erase-pct=50 --find-pct=50"

# duplicates, low threshold
0, "--duptable-threshold=32 --key=uint16 --duplicate=last"
0, "--duptable-threshold=32 --key=uint16 --open --erase-pct=50 --duplicate=last"
0, "--duptable-threshold=32 --key=binary --keysize=5 --duplicate=first --use-cursors"
0, "--duptable-threshold=32 --key=binary --keysize=5 --open --erase-pct=50 --duplicate=first --use-cursors"

# binary keys, variable length and duplicates
0, "--key=binary --keysize=10 --erase-pct=30 --find-pct=30 --duplicate=last"
0, "--key=binary --keysize=20 --erase-pct=30 --find-pct=30 --duplicate=last"
0, "--key=binary --keysize=60 --erase-pct=30 --find-pct=30 --duplicate=last"
0, "--key=binary --keysize=60 --erase-pct=30 --find-pct=30 --duplicate=last --fullcheck=find"
0, "--key=binary --keysize=512 --duplicate=last"
0, "--key=binary --keysize=512 --duplicate=last --fullcheck=find"
0, "--key=binary --keysize=512 --open --erase-pct=50 --find-pct=50 --duplicate=last"
0, "--key=binary --keysize=1024 --duplicate=last --fullcheck=find"
0, "--key=binary --keysize=1024 --open --erase-pct=100 --duplicate=last"

# fixed records
0, "--key=uint32 --recsize-fixed=0"
0, "--key=uint32 --recsize-fixed=0 --erase-pct=30 --find-pct=30"
0, "--key=uint32 --recsize-fixed=4 --inmemorydb"
0, "--key=uint64 --recsize-fixed=8 --overwrite"
0, "--key=uint64 --recsize-fixed=8 --overwrite --erase-pct=30 --find-pct=30"
0, "--key=uint64 --recsize-fixed=8 --pagesize=65536 --use-cursors --overwrite"
0, "--key=uint64 --recsize-fixed=10 --fullcheck=find"
0, "--key=uint64 --recsize-fixed=10 --fullcheck=find --erase-pct=30 --find-pct=30"
0, "--key=uint64 --recsize-fixed=12 --duplicate=last"
0, "--key=uint64 --recsize-fixed=14 --use-cursors"
0, "--key=uint64 --recsize-fixed=100 --force-records-inline"
0, "--key=uint64 --recsize-fixed=100 --force-records-inline --erase-pct=30 --find-pct=30"
0, "--key=uint32 --recsize-fixed=4 --distribution=ascending"
0, "--key=uint32 --recsize-fixed=8 --overwrite --distribution=ascending"
0, "--key=uint64 --recsize-fixed=10 --fullcheck=find --distribution=ascending"
0, "--key=uint32 --recsize-fixed=4 --distribution=descending"
0, "--key=uint32 --recsize-fixed=8 --overwrite --distribution=descending"
0, "--key=uint64 --recsize-fixed=10 --fullcheck=find --distribution=descending"
0, "--key=uint32 --recsize-fixed=0 --erase-pct=50"
0, "--key=uint32 --recsize-fixed=4 --erase-pct=40"
0, "--key=uint32 --recsize-fixed=8 --overwrite --erase-pct=40"
0, "--key=uint64 --recsize-fixed=10 --fullcheck=find --erase-pct=40"
0, "--key=binary --recsize-fixed=0 --fullcheck=find --erase-pct=40"
0, "--key=binary --recsize-fixed=5 --fullcheck=find --erase-pct=40"
0, "--key=binary --recsize-fixed=16 --fullcheck=find --erase-pct=40"
0, "--key=binary --recsize-fixed=16 --pagesize=32768 --erase-pct=20"

# 64 byte keys
0, "--key=uint64"
0, "--key=uint64 --erase-pct=30 --find-pct=30"
0, "--key=uint64 --fullcheck=find"
0, "--key=uint64 --fullcheck=find --erase-pct=30"
0, "--key=uint64 --overwrite"
0, "--key=uint64 --use-cursors"
0, "--key=uint64 --use-cursors --duplicate=first"
0, "--key=uint64 --use-cursors --duplicate=last"

# 32 byte keys
0, "--key=uint32"
0, "--key=uint32 --erase-pct=30 --find-pct=30"
0, "--key=uint32 --fullcheck=find"
0, "--key=uint32 --fullcheck=find --erase-pct=30"
0, "--key=uint32 --overwrite"
0, "--key=uint32 --use-cursors"
0, "--key=uint32 --use-cursors --duplicate=first"
0, "--key=uint32 --use-cursors --duplicate=last"

# 16 byte keys
0, "--key=uint16"
0, "--key=uint16 --fullcheck=find"
0, "--key=uint16 --overwrite"
0, "--key=uint16 --use-cursors"
0, "--key=uint16 --use-cursors --duplicate=first"
0, "--key=uint16 --use-cursors --duplicate=last"

# 8 byte keys
0, "--key=uint8"
0, "--key=uint8 --fullcheck=find"
0, "--key=uint8 --overwrite"
0, "--key=uint8 --use-cursors"
0, "--key=uint8 --use-cursors --duplicate=first"
0, "--key=uint8 --use-cursors --duplicate=last"

# 4 byte float
0, "--key=real32"
0, "--key=real32 --fullcheck=find"
0, "--key=real32 --overwrite"
0, "--key=real32 --use-cursors"
0, "--key=real32 --use-cursors --duplicate=first"
0, "--key=real32 --use-cursors --duplicate=last"

# 8 byte double
0, "--key=real64"
0, "--key=real64 --fullcheck=find"
0, "--key=real64 --overwrite"
0, "--key=real64 --use-cursors"
0, "--key=real64 --use-cursors --duplicate=first"
0, "--key=real64 --use-cursors --duplicate=last"

# binary keys, 8 bytes (fixed length)
0, "--keysize=8 --keysize-fixed"
0, "--keysize=8 --keysize-fixed --overwrite"
0, "--keysize=8 --keysize-fixed --inmemorydb"
0, "--keysize=8 --keysize-fixed --overwrite --inmemorydb"
0, "--keysize=8 --keysize-fixed --use-cursors --overwrite --inmemorydb"

# binary keys, 16 bytes
0, "--key=binary"
0, "--key=binary --erase-pct=30 --find-pct=30"
0, "--key=binary --fullcheck=find"
0, "--key=binary --overwrite"
0, "--key=binary --overwrite --erase-pct=30 --find-pct=30"
0, "--key=binary --use-cursors"
0, "--key=binary --use-cursors --duplicate=first"
0, "--key=binary --use-cursors --duplicate=last"
0, "--key=binary --use-cursors --duplicate=last --erase-pct=30 --find-pct=30"

# binary keys, 8 bytes fixed length
0, "--key=binary --keysize=8 --keysize-fixed --erase-pct=30 --find-pct=30"
0, "--key=binary --keysize=8 --keysize-fixed"
0, "--key=binary --keysize=8 --keysize-fixed --overwrite"
0, "--key=binary --keysize=8 --keysize-fixed --inmemorydb"
0, "--key=binary --keysize=8 --keysize-fixed --overwrite --inmemorydb"
0, "--key=binary --keysize=8 --keysize-fixed --use-cursors --overwrite --inmemorydb"

# binary keys, 16 bytes fixed length
0, "--key=binary --keysize-fixed"
0, "--key=binary --keysize-fixed --erase-pct=30 --find-pct=30"
0, "--key=binary --keysize-fixed --fullcheck=find"
0, "--key=binary --keysize-fixed --overwrite"
0, "--key=binary --keysize-fixed --overwrite --erase-pct=30 --find-pct=30"
0, "--key=binary --keysize-fixed --use-cursors"
0, "--key=binary --keysize-fixed --use-cursors --duplicate=first"
0, "--key=binary --keysize-fixed --use-cursors --duplicate=last"
0, "--key=binary --keysize-fixed --use-cursors --duplicate=last --erase-pct=30 --find-pct=30"

# binary keys, 256 bytes fixed length
0, "--key=binary --keysize=256 --keysize-fixed"
0, "--key=binary --keysize=256 --keysize-fixed --erase-pct=30 --find-pct=30"
0, "--key=binary --keysize=256 --keysize-fixed --fullcheck=find"
0, "--key=binary --keysize=256 --keysize-fixed --overwrite"
0, "--key=binary --keysize=256 --keysize-fixed --overwrite --erase-pct=30 --find-pct=30"
0, "--key=binary --keysize=256 --keysize-fixed --use-cursors"
0, "--key=binary --keysize=256 --keysize-fixed --use-cursors --duplicate=first"
0, "--key=binary --keysize=256 --keysize-fixed --use-cursors --duplicate=last"
0, "--key=binary --keysize=256 --keysize-fixed --use-cursors --duplicate=last --erase-pct=30 --find-pct=30"

# extended keys
0, "--keysize=1024"
0, "--keysize=1024 --recsize=1024 --pagesize=1024 --distribution=ascending"

# variable length keys with duplicates
0, "--duplicate=last"
