# insert/erase/find (empty records)
0, "--key=uint32 --erase-pct=15 --find-pct=15 --recsize-fixed=0 --recsize=0 --cache=104857600"
0, "--key=uint64 --erase-pct=15 --find-pct=15 --recsize-fixed=0 --recsize=0 --cache=104857600"
0, "--key=binary --keysize-fixed --keysize=16 --recsize-fixed=0 --recsize=0 --erase-pct=15 --find-pct=15 --cache=104857600"
0, "--key=binary --erase-pct=15 --find-pct=15 --recsize-fixed=0 --recsize=0 --cache=104857600"

# insert/erase/find (inline records)
0, "--key=uint32 --erase-pct=15 --find-pct=15 --recsize-fixed=8 --recsize=8 --cache=104857600"
0, "--key=uint64 --erase-pct=15 --find-pct=15 --recsize-fixed=8 --recsize=8 --cache=104857600"
0, "--key=binary --keysize-fixed --keysize=16 --recsize-fixed=8 --recsize=8 --erase-pct=15 --find-pct=15 --cache=104857600"
0, "--key=binary --erase-pct=15 --find-pct=15 --recsize-fixed=8 --recsize=8 --cache=104857600"

# insert/erase/find (default inline records)
0, "--key=uint32 --erase-pct=15 --find-pct=15 --recsize=8 --cache=104857600"
0, "--key=uint64 --erase-pct=15 --find-pct=15 --recsize=8 --cache=104857600"
0, "--key=binary --keysize-fixed --keysize=16 --recsize=8 --erase-pct=15 --find-pct=15 --cache=104857600"
0, "--key=binary --erase-pct=15 --find-pct=15 --recsize=8 --cache=104857600"

# insert/erase/find (default records)
0, "--key=uint32 --erase-pct=15 --find-pct=15 --cache=104857600"
0, "--key=uint64 --erase-pct=15 --find-pct=15 --cache=104857600"
0, "--key=binary --keysize-fixed --keysize=16 --erase-pct=15 --find-pct=15 --cache=104857600"
0, "--key=binary --erase-pct=15 --find-pct=15 --cache=104857600"



# insert/erase/find w/ duplicates (empty records)
0, "--key=uint32 --erase-pct=15 --find-pct=15 --recsize-fixed=0 --recsize=0 --cache=104857600 --duplicate=last"
0, "--key=uint64 --erase-pct=15 --find-pct=15 --recsize-fixed=0 --recsize=0 --cache=104857600 --duplicate=last"
0, "--key=binary --keysize-fixed --keysize=16 --recsize-fixed=0 --recsize=0 --erase-pct=15 --find-pct=15 --cache=104857600 --duplicate=last"
0, "--key=binary --erase-pct=15 --find-pct=15 --recsize-fixed=0 --recsize=0 --cache=104857600 --duplicate=last"

# insert/erase/find w/ duplicates (inline records)
0, "--key=uint32 --erase-pct=15 --find-pct=15 --recsize-fixed=8 --recsize=8 --cache=104857600 --duplicate=last"
0, "--key=uint64 --erase-pct=15 --find-pct=15 --recsize-fixed=8 --recsize=8 --cache=104857600 --duplicate=last"
0, "--key=binary --keysize-fixed --keysize=16 --recsize-fixed=8 --recsize=8 --erase-pct=15 --find-pct=15 --cache=104857600 --duplicate=last"
0, "--key=binary --erase-pct=15 --find-pct=15 --recsize-fixed=8 --recsize=8 --cache=104857600 --duplicate=last"

# insert/erase/find w/ duplicates (default inline records)
0, "--key=uint32 --erase-pct=15 --find-pct=15 --recsize=8 --cache=104857600 --duplicate=last"
0, "--key=uint64 --erase-pct=15 --find-pct=15 --recsize=8 --cache=104857600 --duplicate=last"
0, "--key=binary --keysize-fixed --keysize=16 --recsize=8 --erase-pct=15 --find-pct=15 --cache=104857600 --duplicate=last"
0, "--key=binary --erase-pct=15 --find-pct=15 --recsize=8 --cache=104857600 --duplicate=last"

# insert/erase/find w/ duplicates (default records)
0, "--key=uint32 --erase-pct=15 --find-pct=15 --cache=104857600 --duplicate=last"
0, "--key=uint64 --erase-pct=15 --find-pct=15 --cache=104857600 --duplicate=last"
0, "--key=binary --keysize-fixed --keysize=16 --erase-pct=15 --find-pct=15 --cache=104857600 --duplicate=last"
0, "--key=binary --erase-pct=15 --find-pct=15 --cache=104857600 --duplicate=last"

