# Zint32/SimdComp compression
0, "--key=uint32 --key-compression=zint32_simdcomp --recsize-fixed=2 --bulk-erase"
0, "--key=uint32 --key-compression=zint32_simdcomp --recsize-fixed=3 --seed=2"
0, "--key=uint32 --key-compression=zint32_simdcomp --recsize-fixed=3 --seed=2 --open --find-pct=50 --erase-pct=30"
0, "--key=uint32 --key-compression=zint32_simdcomp --recsize-fixed=3 --seed=3 --open"
0, "--key=uint32 --key-compression=zint32_simdcomp --recsize-fixed=3 --seed=3 --open --erase-pct=100"
0, "--key=uint32 --key-compression=zint32_simdcomp --recsize-fixed=3 --seed=3 --duplicate=last"

# Zint32/SimdFOR compression
0, "--key=uint32 --key-compression=zint32_simdfor --recsize-fixed=2 --bulk-erase"
0, "--key=uint32 --key-compression=zint32_simdfor --recsize-fixed=3 --seed=2"
0, "--key=uint32 --key-compression=zint32_simdfor --recsize-fixed=3 --seed=2 --open --find-pct=50 --erase-pct=30"
0, "--key=uint32 --key-compression=zint32_simdfor --recsize-fixed=3 --seed=3 --open"
0, "--key=uint32 --key-compression=zint32_simdfor --recsize-fixed=3 --seed=3 --open --erase-pct=100"
0, "--key=uint32 --key-compression=zint32_simdfor --recsize-fixed=3 --seed=3 --duplicate=last"

# Zint32/FOR compression
0, "--key=uint32 --key-compression=zint32_for --recsize-fixed=2 --bulk-erase"
0, "--key=uint32 --key-compression=zint32_for --recsize-fixed=3 --seed=2"
0, "--key=uint32 --key-compression=zint32_for --recsize-fixed=3 --seed=2 --open --find-pct=50 --erase-pct=30"
0, "--key=uint32 --key-compression=zint32_for --recsize-fixed=3 --seed=3 --open"
0, "--key=uint32 --key-compression=zint32_for --recsize-fixed=3 --seed=3 --open --erase-pct=100"
0, "--key=uint32 --key-compression=zint32_for --recsize-fixed=3 --seed=3 --duplicate=last"

# Zint32/StreamVbyte compression
0, "--key=uint32 --key-compression=zint32_streamvbyte --recsize-fixed=2 --bulk-erase"
0, "--key=uint32 --key-compression=zint32_streamvbyte --recsize-fixed=3 --seed=2"
0, "--key=uint32 --key-compression=zint32_streamvbyte --recsize-fixed=3 --seed=2 --open --find-pct=50 --erase-pct=30"
0, "--key=uint32 --key-compression=zint32_streamvbyte --recsize-fixed=3 --seed=3 --open"
0, "--key=uint32 --key-compression=zint32_streamvbyte --recsize-fixed=3 --seed=3 --open --erase-pct=100"
0, "--key=uint32 --key-compression=zint32_streamvbyte --recsize-fixed=3 --seed=3 --duplicate=last"

# Zint32/MaskedVbyte compression
0, "--key=uint32 --key-compression=zint32_maskedvbyte --recsize-fixed=2 --bulk-erase"
0, "--key=uint32 --key-compression=zint32_maskedvbyte --recsize-fixed=3 --seed=2"
0, "--key=uint32 --key-compression=zint32_maskedvbyte --recsize-fixed=3 --seed=2 --open --find-pct=50 --erase-pct=30"
0, "--key=uint32 --key-compression=zint32_maskedvbyte --recsize-fixed=3 --seed=3 --open"
0, "--key=uint32 --key-compression=zint32_maskedvbyte --recsize-fixed=3 --seed=3 --open --erase-pct=100"
0, "--key=uint32 --key-compression=zint32_maskedvbyte --recsize-fixed=3 --seed=3 --duplicate=last"

# Zint32/VarByte compression
0, "--key=uint32 --key-compression=zint32_varbyte --recsize-fixed=3 --seed=2"
0, "--key=uint32 --key-compression=zint32_varbyte --recsize-fixed=3 --seed=2 --open --find-pct=50 --erase-pct=30"
0, "--key=uint32 --key-compression=zint32_varbyte --recsize-fixed=3 --seed=3 --open"
0, "--key=uint32 --key-compression=zint32_varbyte --recsize-fixed=3 --seed=3 --open --erase-pct=100"
0, "--key=uint32 --key-compression=zint32_varbyte --recsize-fixed=3 --seed=3 --duplicate=last"

# SIMD tests
0, "--key=uint16 --recsize=0 --seed=1"
0, "--key=uint16 --recsize=0 --open --find-pct=100 --seed=1"
0, "--key=uint32 --recsize=0 --seed=2"
0, "--key=uint32 --recsize=0 --open --find-pct=100 --seed=2"
0, "--key=uint64 --recsize=0 --seed=3"
0, "--key=uint64 --recsize=0 --open --find-pct=100 --seed=3"
0, "--key=real32 --recsize=0 --seed=4"
0, "--key=real32 --recsize=0 --open --find-pct=100 --seed=4"
0, "--key=real64 --recsize=0 --seed=5"
0, "--key=real64 --recsize=0 --open --find-pct=100 --seed=5"

# Transactions w/ compression
0, "--key=uint32 --erase-pct=10 --use-transactions=10 --journal-compression=zlib"
0, "--key=uint64 --erase-pct=20 --use-transactions=15 --journal-compression=snappy"
0, "--key=real32 --erase-pct=30 --use-transactions=20 --journal-compression=lzf"
0, "--key=real64 --erase-pct=40 --use-transactions=25 --journal-compression=lzo"
0, "--key=binary --keysize=64 --pagesize=1024 --bulk-erase --distribution=ascending --extkey-threshold=20 --recsize=0 --use-transactions=10 --journal-compression=lzf"
3, "--use-transactions=5 --journal-compression=lzf"

# Record compression
1, "--record-compression=zlib"
1, "--record-compression=snappy --use-cursors --duplicate=last"
1, "--record-compression=lzf --overwrite"
1, "--record-compression=lzo --overwrite"
0, "--key=uint64 --erase-pct=30 --record-compression=zlib"
0, "--key=binary --keysize=64 --pagesize=1024 --bulk-erase --distribution=ascending --extkey-threshold=20 --recsize=0 --record-compression=lzo"
0, "--key=uint64 --erase-pct=30 --record-compression=zlib --inmemorydb --overwrite"
0, "--key=uint64 --erase-pct=30 --record-compression=lzo --inmemorydb --overwrite"

# Key compression
0, "--key-compression=zlib"
0, "--key-compression=snappy"
0, "--key-compression=lzf"
0, "--key-compression=lzo"
0, "--key=binary --keysize=64 --pagesize=1024 --bulk-erase --distribution=ascending --extkey-threshold=20 --recsize=0 --key-compression=zlib"
0, "--key=binary --keysize=64 --erase-pct=20 --find-pct=20 --record-compression=snappy --key-compression=lzo --use-encryption"

# AES encryption
3, "--use-encryption"
3, "--use-encryption --use-transactions=10"

# everything combined
0, "--key=binary --keysize=64 --bulk-erase --record-compression=lzo --key-compression=zlib --use-encryption"

# CRC32
0, "--enable-crc32 --seed=1405078961 --stop-ops=1000"
0, "--enable-crc32 --open --find-pct=100 --seed=1405078961 --stop-ops=1000"

0, "--enable-crc32 --recsize=32 --key=uint32 --pagesize=1024"
0, "--enable-crc32 --recsize=32 --key=uint32 --pagesize=1024 --open --find-pct=50"
0, "--enable-crc32 --recsize=32 --key=uint32 --pagesize=1024 --open --find-pct=50"
0, "--enable-crc32 --recsize=32 --key=uint32 --pagesize=1024 --open --find-pct=50"

