1, "--reopen"
1, "--overwrite --reopen"
1, "--duplicate=last --reopen"
1, "--use-cursors --duplicate=first --reopen"
1, "--inmemorydb"
1, "--inmemorydb --duplicate=last"
1, "--overwrite --inmemorydb"
1, "--reopen --use-cursors"
1, "--reopen --use-cursors --duplicate=last"
1, "--overwrite --reopen --use-cursors"
1, "--inmemorydb --use-cursors"
1, "--overwrite --inmemorydb --use-cursors"
1, "--fullcheck=find"
1, "--fullcheck=find --duplicate=last"
1, "--fullcheck=backwards"
1, "--fullcheck=backwards --duplicate=last"
1, "--no-mmap --overwrite --reopen"
1, "--keysize=8 --overwrite --reopen"
1, "--keysize=12 --overwrite --reopen"
1, "--keysize=33 --overwrite --reopen"
1, "--keysize=680 --overwrite --reopen"
1, "--pagesize=1024 --overwrite --reopen"
1, "--pagesize=8192 --overwrite --reopen"
1, "--pagesize=131072 --overwrite --reopen"
1, "--cache=50 --overwrite --reopen"
1, "--use-recovery --reopen"
1, "--cache=unlimited"
1, "--direct-access --inmemorydb"
1, "--use-transactions=tmp"
1, "--use-transactions=10"
1, "--use-transactions=10000"
1, "--use-transactions=all"
