
0, "--reopen --key=uint32 --recsize-fixed=0"
0, "--reopen --key=uint64 --recsize-fixed=8 --overwrite"
0, "--reopen --key=uint64 --recsize-fixed=10 --fullcheck=find"
0, "--inmemorydb --key=uint64 --recsize-fixed=12 --duplicate=last"
0, "--inmemorydb --key=uint32 --recsize-fixed=0 --erase-pct=50"
0, "--key=uint32 --recsize-fixed=8 --overwrite --erase-pct=40"
0, "--key=uint64 --recsize-fixed=10 --fullcheck=find --erase-pct=40"
0, "--key=binary --keysize=10 --duplicate=last --erase-pct=40"
0, "--key=binary --keysize=20 --duplicate=last --erase-pct=10"
0, "--key=binary --keysize=128 --duplicate=last --erase-pct=10"
0, "--key=binary --keysize=10 --keysize-fixed --duplicate=last --erase-pct=40"
0, "--key=binary --keysize=20 --keysize-fixed --duplicate=last --erase-pct=10"
0, "--key=binary --keysize=128 --keysize-fixed --duplicate=last --erase-pct=10"
0, "--key=binary --keysize=512"
0, "--key=binary --keysize=1024 --duplicate=last"
0, "--key=binary --keysize=1024 --open --erase-pct=100 --duplicate=last"
0, "--key=binary --keysize-fixed --keysize=10 --erase-pct=30 --find-pct=30 --duplicate=last --pagesize=131072"
0, "--key=binary --keysize=32 --erase-pct=30 --find-pct=30 --pagesize=131072"
0, "--extkey-threshold=32 --key=binary --keysize=64"
0, "--extkey-threshold=32 --key=binary --keysize=64 --open --erase-pct=50 --find-pct=50"
0, "--duptable-threshold=32 --key=uint16 --duplicate=last"
0, "--duptable-threshold=32 --key=uint16 --open --erase-pct=50 --duplicate=last"
0, "--key=binary --recsize-fixed=0 --fullcheck=find --erase-pct=40"
0, "--key=binary --recsize-fixed=16 --pagesize=32768 --erase-pct=20"

1, "--reopen"
1, "--overwrite --reopen"
1, "--duplicate=last --reopen"
1, "--use-cursors --duplicate=first --reopen"
1, "--inmemorydb"
1, "--inmemorydb --duplicate=last"
1, "--overwrite --inmemorydb"
1, "--reopen --use-cursors"
1, "--reopen --use-cursors --duplicate=last"
1, "--overwrite --reopen --use-cursors"
1, "--inmemorydb --use-cursors"
1, "--overwrite --inmemorydb --use-cursors"
1, "--fullcheck=find"
1, "--fullcheck=find --duplicate=last"
1, "--fullcheck=reverse"
1, "--fullcheck=reverse --duplicate=last"
1, "--no-mmap --overwrite --reopen"
1, "--key=custom"
1, "--keysize=8 --keysize-fixed --overwrite --reopen"
1, "--keysize=12 --keysize-fixed --overwrite --reopen"
1, "--keysize=33 --keysize-fixed --overwrite --reopen"
1, "--keysize=680 --overwrite --reopen"
1, "--pagesize=1024 --overwrite --reopen"
1, "--pagesize=8192 --overwrite --reopen"
1, "--pagesize=131072 --overwrite --reopen"
1, "--cache=50 --overwrite --reopen"
1, "--use-recovery --reopen"
1, "--cache=unlimited"
1, "--direct-access --inmemorydb"
1, "--use-transactions=tmp"
1, "--use-transactions=10"
1, "--use-transactions=10000"
1, "--use-transactions=all"

2, "--key=uint8 --erase-pct=30 --find-pct=30"
2, "--key=uint8"
2, "--key=uint8 --reopen --find-pct=100"
2, "--key=uint16 --erase-pct=30 --find-pct=30"
2, "--key=uint16"
2, "--key=uint16 --reopen --find-pct=100"
2, "--key=uint32 --erase-pct=30 --find-pct=30"
2, "--key=uint32"
2, "--key=uint32 --reopen --find-pct=100"
2, "--key=uint64 --erase-pct=30 --find-pct=30"
2, "--key=uint64"
2, "--key=uint64 --reopen --find-pct=100"
2, "--key=real32 --erase-pct=30 --find-pct=30"
2, "--key=real32"
2, "--key=real32 --reopen --find-pct=100"
2, "--key=real64 --erase-pct=30 --find-pct=30"
2, "--key=real64"
2, "--key=real64 --reopen --find-pct=100"
